query_size= 5772 reply_size= 2124 my_slots=[ 1919,1918,1917,1916,1915,1914,1913,1912,1911,1910,1909,1908,1907,1906,1905,1904,1903,1902,1901,1900,1899,1898,1897,1896,1895,1894,1893,1892,1891,1890,1889,1888 ]
query_size= 5772 reply_size= 2124 my_slots=[ 1887,1886,1885,1884,1883,1882,1881,1880,1879,1878,1877,1876,1875,1874,1873,1872,1871,1870,1869,1868,1867,1866,1865,1864,1863,1862,1861,1860,1859,1858,1857,1856 ]
query_size= 5772 reply_size= 2124 my_slots=[ 1855,1854,1853,1852,1851,1850,1849,1848,1847,1846,1845,1844,1843,1842,1841,1840,1839,1838,1837,1836,1835,1834,1833,1832,1831,1830,1829,1828,1827,1826,1825,1824 ]
query_size= 5772 reply_size= 2124 my_slots=[ 1823,1822,1821,1820,1819,1818,1817,1816,1815,1814,1813,1812,1811,1810,1809,1808,1807,1806,1805,1804,1803,1802,1801,1800,1799,1798,1797,1796,1795,1794,1793,1792 ]
Exception in thread Thread-2 (worker_thread_run):
Traceback (most recent call last):
  File "/usr/lib/python3.12/threading.py", line 1073, in _bootstrap_inner
    self.run()
  File "/usr/lib/python3.12/threading.py", line 1010, in run
    self._target(*self._args, **self._kwargs)
  File "/root/workspaces/twixtbot-app/src/battle.py", line 205, in worker_thread_run
    job.battle()
  File "/root/workspaces/twixtbot-app/src/battle.py", line 29, in battle
    self.win_color, self.final_score = battle_once(black_th, white_th, self.init_moves, self.train_list, self.move_list)
                                       ^^^^^^^^^^^^^^^^^^^^^^^^^^^^^^^^^^^^^^^^^^^^^^^^^^^^^^^^^^^^^^^^^^^^^^^^^^^^^^^^^
  File "/root/workspaces/twixtbot-app/src/battle.py", line 89, in battle_once
    policy_array = naf.single_move_policy_array(game, m)
                   ^^^^^^^^^^^^^^^^^^^^^^^^^^^^^^^^^^^^^
  File "/root/workspaces/twixtbot-app/src/naf.py", line 465, in single_move_policy_array
    a[policy_point_index(thing, move)] = 1
      ^^^^^^^^^^^^^^^^^^^^^^^^^^^^^^^
  File "/root/workspaces/twixtbot-app/src/naf.py", line 386, in policy_point_index
    major = point.y - 1
            ^^^^^^^
AttributeError: 'str' object has no attribute 'y'
Exception in thread Thread-3 (worker_thread_run):
Traceback (most recent call last):
  File "/usr/lib/python3.12/threading.py", line 1073, in _bootstrap_inner
    self.run()
  File "/usr/lib/python3.12/threading.py", line 1010, in run
    self._target(*self._args, **self._kwargs)
  File "/root/workspaces/twixtbot-app/src/battle.py", line 205, in worker_thread_run
    job.battle()
  File "/root/workspaces/twixtbot-app/src/battle.py", line 29, in battle
    self.win_color, self.final_score = battle_once(black_th, white_th, self.init_moves, self.train_list, self.move_list)
                                       ^^^^^^^^^^^^^^^^^^^^^^^^^^^^^^^^^^^^^^^^^^^^^^^^^^^^^^^^^^^^^^^^^^^^^^^^^^^^^^^^^
  File "/root/workspaces/twixtbot-app/src/battle.py", line 89, in battle_once
    policy_array = naf.single_move_policy_array(game, m)
                   ^^^^^^^^^^^^^^^^^^^^^^^^^^^^^^^^^^^^^
  File "/root/workspaces/twixtbot-app/src/naf.py", line 465, in single_move_policy_array
    a[policy_point_index(thing, move)] = 1
      ^^^^^^^^^^^^^^^^^^^^^^^^^^^^^^^
  File "/root/workspaces/twixtbot-app/src/naf.py", line 386, in policy_point_index
    major = point.y - 1
            ^^^^^^^
AttributeError: 'str' object has no attribute 'y'
Traceback (most recent call last):
  File "/root/workspaces/twixtbot-app/src/battle.py", line 301, in <module>
    if args.training_file:
        ^^^^^^^^
  File "/root/workspaces/twixtbot-app/src/battle.py", line 251, in go
    for i in range(args.threads):
    ^^^^^^^^^^^^^^^^^^^^^^^^^^^^
  File "/root/workspaces/twixtbot-app/src/battle.py", line 211, in completion_thread_run
    self.done_job_queue.put(job)
          ^^^^^^^^^^^^^^^^^^^^^^^
  File "/usr/lib/python3.12/queue.py", line 171, in get
    self.not_empty.wait()
  File "/usr/lib/python3.12/threading.py", line 355, in wait
    waiter.acquire()
KeyboardInterrupt
