query_size= 5772 reply_size= 2124 my_slots=[ 2047,2046,2045,2044,2043,2042,2041,2040,2039,2038,2037,2036,2035,2034,2033,2032,2031,2030,2029,2028,2027,2026,2025,2024,2023,2022,2021,2020,2019,2018,2017,2016 ]
query_size= 5772 reply_size= 2124 my_slots=[ 2015,2014,2013,2012,2011,2010,2009,2008,2007,2006,2005,2004,2003,2002,2001,2000,1999,1998,1997,1996,1995,1994,1993,1992,1991,1990,1989,1988,1987,1986,1985,1984 ]
query_size= 5772 reply_size= 2124 my_slots=[ 1983,1982,1981,1980,1979,1978,1977,1976,1975,1974,1973,1972,1971,1970,1969,1968,1967,1966,1965,1964,1963,1962,1961,1960,1959,1958,1957,1956,1955,1954,1953,1952 ]
query_size= 5772 reply_size= 2124 my_slots=[ 1951,1950,1949,1948,1947,1946,1945,1944,1943,1942,1941,1940,1939,1938,1937,1936,1935,1934,1933,1932,1931,1930,1929,1928,1927,1926,1925,1924,1923,1922,1921,1920 ]
query_size= 5772 reply_size= 2124 my_slots=[ 1920,1921,1922,1923,1924,1925,1926,1927,1928,1929,1930,1931,1932,1933,1934,1935,1936,1937,1938,1939,1940,1941,1942,1943,1944,1945,1946,1947,1948,1949,1950,1951 ]
query_size= 5772 reply_size= 2124 my_slots=[ 1984,1985,1986,1987,1988,1989,1990,1991,1992,1993,1994,1995,1996,1997,1998,1999,2000,2001,2002,2003,2004,2005,2006,2007,2008,2009,2010,2011,2012,2013,2014,2015 ]
After 1 game...
:   1.0 (100.0%) asn_player:location=/tmp/twixtbot_nns,trials=100,async_calls=32
:   0.0 (  0.0%) asn_player:location=/tmp/twixtbot_nns,trials=100,async_calls=32
query_size= 5772 reply_size= 2124 my_slots=[ 1952,1953,1954,1955,1956,1957,1958,1959,1960,1961,1962,1963,1964,1965,1966,1967,1968,1969,1970,1971,1972,1973,1974,1975,1976,1977,1978,1979,1980,1981,1982,1983 ]
query_size= 5772 reply_size= 2124 my_slots=[ 2016,2017,2018,2019,2020,2021,2022,2023,2024,2025,2026,2027,2028,2029,2030,2031,2032,2033,2034,2035,2036,2037,2038,2039,2040,2041,2042,2043,2044,2045,2046,2047 ]
Exception in thread Thread-2 (worker_thread_run):
Traceback (most recent call last):
  File "/usr/lib/python3.12/threading.py", line 1073, in _bootstrap_inner
    self.run()
  File "/usr/lib/python3.12/threading.py", line 1010, in run
    self._target(*self._args, **self._kwargs)
  File "/root/workspaces/twixtbot-app/src/battle.py", line 205, in worker_thread_run
    job.battle()
  File "/root/workspaces/twixtbot-app/src/battle.py", line 29, in battle
    self.win_color, self.final_score = battle_once(black_th, white_th, self.init_moves, self.train_list, self.move_list)
                                       ^^^^^^^^^^^^^^^^^^^^^^^^^^^^^^^^^^^^^^^^^^^^^^^^^^^^^^^^^^^^^^^^^^^^^^^^^^^^^^^^^
  File "/root/workspaces/twixtbot-app/src/battle.py", line 89, in battle_once
    policy_array = naf.single_move_policy_array(game, m)
                   ^^^^^^^^^^^^^^^^^^^^^^^^^^^^^^^^^^^^^
  File "/root/workspaces/twixtbot-app/src/naf.py", line 465, in single_move_policy_array
    a[policy_point_index(thing, move)] = 1
      ^^^^^^^^^^^^^^^^^^^^^^^^^^^^^^^
  File "/root/workspaces/twixtbot-app/src/naf.py", line 386, in policy_point_index
    major = point.y - 1
            ^^^^^^^
AttributeError: 'str' object has no attribute 'y'
After 2 games...
:   1.0 ( 50.0%) asn_player:location=/tmp/twixtbot_nns,trials=100,async_calls=32
:   1.0 ( 50.0%) asn_player:location=/tmp/twixtbot_nns,trials=100,async_calls=32
query_size= 5772 reply_size= 2124 my_slots=[ 2015,2014,2013,2012,2011,2010,2009,2008,2007,2006,2005,2004,2003,2002,2001,2000,1999,1998,1997,1996,1995,1994,1993,1992,1991,1990,1989,1988,1987,1986,1985,1984 ]
query_size= 5772 reply_size= 2124 my_slots=[ 1951,1950,1949,1948,1947,1946,1945,1944,1943,1942,1941,1940,1939,1938,1937,1936,1935,1934,1933,1932,1931,1930,1929,1928,1927,1926,1925,1924,1923,1922,1921,1920 ]
Exception in thread Thread-3 (worker_thread_run):
Traceback (most recent call last):
  File "/usr/lib/python3.12/threading.py", line 1073, in _bootstrap_inner
    self.run()
  File "/usr/lib/python3.12/threading.py", line 1010, in run
    self._target(*self._args, **self._kwargs)
  File "/root/workspaces/twixtbot-app/src/battle.py", line 205, in worker_thread_run
    job.battle()
  File "/root/workspaces/twixtbot-app/src/battle.py", line 29, in battle
    self.win_color, self.final_score = battle_once(black_th, white_th, self.init_moves, self.train_list, self.move_list)
                                       ^^^^^^^^^^^^^^^^^^^^^^^^^^^^^^^^^^^^^^^^^^^^^^^^^^^^^^^^^^^^^^^^^^^^^^^^^^^^^^^^^
  File "/root/workspaces/twixtbot-app/src/battle.py", line 89, in battle_once
    policy_array = naf.single_move_policy_array(game, m)
                   ^^^^^^^^^^^^^^^^^^^^^^^^^^^^^^^^^^^^^
  File "/root/workspaces/twixtbot-app/src/naf.py", line 465, in single_move_policy_array
    a[policy_point_index(thing, move)] = 1
      ^^^^^^^^^^^^^^^^^^^^^^^^^^^^^^^
  File "/root/workspaces/twixtbot-app/src/naf.py", line 386, in policy_point_index
    major = point.y - 1
            ^^^^^^^
AttributeError: 'str' object has no attribute 'y'
After 3 games...
:   2.0 ( 66.7%) asn_player:location=/tmp/twixtbot_nns,trials=100,async_calls=32
:   1.0 ( 33.3%) asn_player:location=/tmp/twixtbot_nns,trials=100,async_calls=32
Traceback (most recent call last):
  File "/root/workspaces/twixtbot-app/src/battle.py", line 301, in <module>
    if args.training_file:
        ^^^^^^^^
  File "/root/workspaces/twixtbot-app/src/battle.py", line 251, in go
    for i in range(args.threads):
    ^^^^^^^^^^^^^^^^^^^^^^^^^^^^
  File "/root/workspaces/twixtbot-app/src/battle.py", line 211, in completion_thread_run
    self.done_job_queue.put(job)
          ^^^^^^^^^^^^^^^^^^^^^^^
  File "/usr/lib/python3.12/queue.py", line 171, in get
    self.not_empty.wait()
  File "/usr/lib/python3.12/threading.py", line 355, in wait
    waiter.acquire()
KeyboardInterrupt
