query_size= 5772 reply_size= 2124 my_slots=[ 1407,1406,1405,1404,1403,1402,1401,1400,1399,1398,1397,1396,1395,1394,1393,1392,1391,1390,1389,1388,1387,1386,1385,1384,1383,1382,1381,1380,1379,1378,1377,1376 ]
query_size= 5772 reply_size= 2124 my_slots=[ 1439,1438,1437,1436,1435,1434,1433,1432,1431,1430,1429,1428,1427,1426,1425,1424,1423,1422,1421,1420,1419,1418,1417,1416,1415,1414,1413,1412,1411,1410,1409,1408 ]
query_size= 5772 reply_size= 2124 my_slots=[ 1311,1310,1309,1308,1307,1306,1305,1304,1303,1302,1301,1300,1299,1298,1297,1296,1295,1294,1293,1292,1291,1290,1289,1288,1287,1286,1285,1284,1283,1282,1281,1280 ]
Exception in thread Thread-3 (worker_thread_run):
Traceback (most recent call last):
  File "/usr/lib/python3.12/threading.py", line 1073, in _bootstrap_inner
    self.run()
  File "/usr/lib/python3.12/threading.py", line 1010, in run
    self._target(*self._args, **self._kwargs)
  File "/root/workspaces/twixtbot-app/src/battle.py", line 205, in worker_thread_run
query_size= 5772 reply_size= 2124 my_slots=[ 1343,1342,1341,1340,1339,1338,1337,1336,1335,1334,1333,1332,1331,1330,1329,1328,1327,1326,1325,1324,1323,1322,1321,1320,1319,1318,1317,1316,1315,1314,1313,1312 ]
    job.battle()
  File "/root/workspaces/twixtbot-app/src/battle.py", line 29, in battle
    self.win_color, self.final_score = battle_once(black_th, white_th, self.init_moves, self.train_list, self.move_list)
                                       ^^^^^^^^^^^^^^^^^^^^^^^^^^^^^^^^^^^^^^^^^^^^^^^^^^^^^^^^^^^^^^^^^^^^^^^^^^^^^^^^^
  File "/root/workspaces/twixtbot-app/src/battle.py", line 89, in battle_once
    policy_array = naf.single_move_policy_array(game, m)
                   ^^^^^^^^^^^^^^^^^^^^^^^^^^^^^^^^^^^^^
  File "/root/workspaces/twixtbot-app/src/naf.py", line 465, in single_move_policy_array
    a[policy_point_index(thing, move)] = 1
      ^^^^^^^^^^^^^^^^^^^^^^^^^^^^^^^
  File "/root/workspaces/twixtbot-app/src/naf.py", line 386, in policy_point_index
    major = point.y - 1
            ^^^^^^^
AttributeError: 'str' object has no attribute 'y'
query_size= 5772 reply_size= 2124 my_slots=[ 1312,1313,1314,1315,1316,1317,1318,1319,1320,1321,1322,1323,1324,1325,1326,1327,1328,1329,1330,1331,1332,1333,1334,1335,1336,1337,1338,1339,1340,1341,1342,1343 ]
query_size= 5772 reply_size= 2124 my_slots=[ 1376,1377,1378,1379,1380,1381,1382,1383,1384,1385,1386,1387,1388,1389,1390,1391,1392,1393,1394,1395,1396,1397,1398,1399,1400,1401,1402,1403,1404,1405,1406,1407 ]
Exception in thread Thread-2 (worker_thread_run):
Traceback (most recent call last):
  File "/usr/lib/python3.12/threading.py", line 1073, in _bootstrap_inner
    self.run()
  File "/usr/lib/python3.12/threading.py", line 1010, in run
    self._target(*self._args, **self._kwargs)
  File "/root/workspaces/twixtbot-app/src/battle.py", line 205, in worker_thread_run
    job.battle()
  File "/root/workspaces/twixtbot-app/src/battle.py", line 29, in battle
    self.win_color, self.final_score = battle_once(black_th, white_th, self.init_moves, self.train_list, self.move_list)
                                       ^^^^^^^^^^^^^^^^^^^^^^^^^^^^^^^^^^^^^^^^^^^^^^^^^^^^^^^^^^^^^^^^^^^^^^^^^^^^^^^^^
  File "/root/workspaces/twixtbot-app/src/battle.py", line 89, in battle_once
    policy_array = naf.single_move_policy_array(game, m)
                   ^^^^^^^^^^^^^^^^^^^^^^^^^^^^^^^^^^^^^
  File "/root/workspaces/twixtbot-app/src/naf.py", line 465, in single_move_policy_array
    a[policy_point_index(thing, move)] = 1
      ^^^^^^^^^^^^^^^^^^^^^^^^^^^^^^^
  File "/root/workspaces/twixtbot-app/src/naf.py", line 386, in policy_point_index
    major = point.y - 1
            ^^^^^^^
AttributeError: 'str' object has no attribute 'y'
After 1 game...
:   1.0 (100.0%) asn_player:location=/tmp/twixtbot_nns,trials=100,async_calls=32
:   0.0 (  0.0%) asn_player:location=/tmp/twixtbot_nns,trials=100,async_calls=32
Traceback (most recent call last):
  File "/root/workspaces/twixtbot-app/src/battle.py", line 301, in <module>
    if args.training_file:
        ^^^^^^^^
  File "/root/workspaces/twixtbot-app/src/battle.py", line 251, in go
    for i in range(args.threads):
    ^^^^^^^^^^^^^^^^^^^^^^^^^^^^
  File "/root/workspaces/twixtbot-app/src/battle.py", line 211, in completion_thread_run
    self.done_job_queue.put(job)
          ^^^^^^^^^^^^^^^^^^^^^^^
  File "/usr/lib/python3.12/queue.py", line 171, in get
    self.not_empty.wait()
  File "/usr/lib/python3.12/threading.py", line 355, in wait
    waiter.acquire()
KeyboardInterrupt
